<html>
<body>
<pre>
<h1>µVision Build Log</h1>
<h2>Project:</h2>
E:\Embedded System\C Programs\Keil uvesion\SpaceInvaders\SpaceInvaders.uvproj
Project File Date:  07/26/2016

<h2>Output:</h2>
Build target 'SpaceInvaders'
compiling SpaceInvaders.c...
linking...
Program Size: Code=9032 RO-data=20584 RW-data=116 ZI-data=2364  
".\SpaceInvaders.axf" - 0 Error(s), 0 Warning(s).
</pre>
</body>
</html>
rning, 0 errors
linking...
Program Size: Code=9046 RO-data=20582 RW-data=112 ZI-data=2360  
".\SpaceInvaders.axf" - 0 Error(s), 1 Warning(s).
